// Jest Snapshot v1, https://goo.gl/fbAQLP

exports[`renders the secret datum (hidden by default) 1`] = `
<span
  className="flex"
>
  <a
    onClick={[Function]}
  >
    <Eye
      color="currentColor"
      size="24"
    />
  </a>
  <span
    className="flex margin-l-normal"
  >
    <span>
      foo
      :
    </span>
    <span
      className="margin-l-small"
    >
      3
       bytes
    </span>
  </span>
</span>
`;
